Símbolo         Valor Decimal   Valor Hexadecimal
-------         -------------   -----------------
_KERNEL                     0                   0
_VETTAB                   256                 100
_APP                    32768                8000
_IOAREA16               65408                FF80
_IOAREA08               65472                FFC0
IVET                    65470                FFBE
TIMDT                   65495                FFD7
INTS                    65496                FFD8
INTE                    65497                FFD9
TECST                   65498                FFDA
TECDT                   65499                FFDB
VISOR                   65500                FFDC
_RESET                    512                 200
END_STRUCT_BUFFER         578                 242
CURSOR                    580                 244
TABBING                   582                 246
REL_HORA                  584                 248
REL_MINUTO                586                 24A
REL_SEGUNDO               588                 24C
REL_MS_COUNTER            590                 24E
TIMER_TEMPO               592                 250
LIMPAVISOR                594                 252
WHILELIMPAVISOR           606                 25E
ISR                       617                 269
FIM_ISR                   655                 28F
ISR_TIM                   674                 2A2
RELOGIO                   700                 2BC
FIM_TIM                   764                 2FC
ISR_TEC                   774                 306
RESET_IND_BUFFER          824                 338
ATUALIZA_IND_APP          826                 33A
FIM_TEC                   828                 33C
BUFFERCHEIO               842                 34A
B_CHEIO                   862                 35E
B_VAZIO                   867                 363
_SETTEC                   870                 366
_PUTCHAR                  883                 373
PULA_RESET_CURSOR         927                 39F
CONTROLE                  931                 3A3
CARRIAGE_RETURN           959                 3BF
LINE_FEED                 967                 3C7
BACK_SPACE                975                 3CF
HORIZONTAL_TAB            989                 3DD
MOVE_TAB                  999                 3E7
PULA_TAB                 1009                 3F1
ERRO_PUTCHAR             1017                 3F9
FIM_PUTCHAR              1022                 3FE
_SETCLOCK                1025                 401
ERRO_REL                 1088                 440
_GETCLOCK                1093                 445
_SETTIMER                1112                 458
ERRO_TIMER               1125                 465
_GETTIMER                1130                 46A
