Símbolo         Valor Decimal   Valor Hexadecimal
-------         -------------   -----------------
_KERNEL                     0                   0
_VETTAB                   256                 100
_APP                    32768                8000
_IOAREA16               65408                FF80
_IOAREA08               65472                FFC0
IVET                    65470                FFBE
TIMDT                   65495                FFD7
INTS                    65496                FFD8
INTE                    65497                FFD9
TECST                   65498                FFDA
TECDT                   65499                FFDB
VISOR                   65500                FFDC
_RESET                    512                 200
END_STRUCT_BUFFER         578                 242
CURSOR                    580                 244
TABBING                   582                 246
REL_HORA                  584                 248
REL_MINUTO                586                 24A
REL_SEGUNDO               588                 24C
REL_MS_COUNTER            590                 24E
TIMER_TEMPO               592                 250
LIMPAVISOR                594                 252
WHILELIMPAVISOR           606                 25E
ISR                       617                 269
FIM_ISR                   655                 28F
ISR_TIM                   674                 2A2
RELOGIO                   700                 2BC
FIM_TIM                   764                 2FC
ISR_TEC                   774                 306
RESET_IND_BUFFER          824                 338
ATUALIZA_IND_APP          826                 33A
FIM_TEC                   828                 33C
BUFFERCHEIO               842                 34A
B_CHEIO                   862                 35E
B_N_CHEIO                 867                 363
_SETTEC                   870                 366
_PUTCHAR                  883                 373
PULA_RESET_CURSOR         925                 39D
CONTROLE                  929                 3A1
CARRIAGE_RETURN           957                 3BD
LINE_FEED                 965                 3C5
BACK_SPACE                973                 3CD
HORIZONTAL_TAB            987                 3DB
MOVE_TAB                  997                 3E5
PULA_TAB                 1007                 3EF
ERRO_PUTCHAR             1015                 3F7
FIM_PUTCHAR              1020                 3FC
_SETCLOCK                1023                 3FF
ERRO_REL                 1086                 43E
_GETCLOCK                1091                 443
_SETTIMER                1110                 456
ERRO_TIMER               1123                 463
_GETTIMER                1128                 468
