Símbolo         Valor Decimal   Valor Hexadecimal
-------         -------------   -----------------
_KERNEL                     0                   0
_VETTAB                   256                 100
_APP                    32768                8000
_IOAREA16               65408                FF80
_IOAREA08               65472                FFC0
IVET                    65470                FFBE
TIMDT                   65495                FFD7
INTS                    65496                FFD8
INTE                    65497                FFD9
TECST                   65498                FFDA
TECDT                   65499                FFDB
VISOR                   65500                FFDC
_RESET                    512                 200
END_STRUCT_BUFFER         566                 236
CURSOR                    568                 238
TABBING                   570                 23A
REL_HORA                  572                 23C
REL_MINUTO                574                 23E
REL_SEGUNDO               576                 240
REL_MS_COUNTER            578                 242
TIMER_TEMPO               580                 244
LIMPAVISOR                582                 246
WHILELIMPAVISOR           594                 252
ISR                       605                 25D
FIM_ISR                   643                 283
ISR_TIM                   662                 296
RELOGIO                   688                 2B0
FIM_TIM                   752                 2F0
ISR_TEC                   762                 2FA
RESET_IND_BUFFER          812                 32C
ATUALIZA_IND_APP          814                 32E
FIM_TEC                   816                 330
BUFFERCHEIO               830                 33E
B_CHEIO                   850                 352
B_N_CHEIO                 855                 357
_SETTEC                   858                 35A
_PUTCHAR                  871                 367
PULA_RESET_CURSOR         913                 391
CONTROLE                  917                 395
CARRIAGE_RETURN           945                 3B1
LINE_FEED                 953                 3B9
BACK_SPACE                961                 3C1
HORIZONTAL_TAB            975                 3CF
MOVE_TAB                  985                 3D9
PULA_TAB                  995                 3E3
ERRO_PUTCHAR             1003                 3EB
FIM_PUTCHAR              1008                 3F0
_SETCLOCK                1011                 3F3
ERRO_REL                 1074                 432
_GETCLOCK                1079                 437
_SETTIMER                1098                 44A
ERRO_TIMER               1111                 457
_GETTIMER                1116                 45C
